// Jest Snapshot v1, https://goo.gl/fbAQLP

exports[`работа ExampleComponent 1`] = `
<div
  className="SExampleComponent"
>
  Пример компонента
</div>
`;
